// Vitest Snapshot v1, https://vitest.dev/guide/snapshot.html

exports[`UiTabs > snapshot testing > should render correctly and match the snapshot 1`] = `
{
  "asFragment": [Function],
  "baseElement": <body>
    <div>
      <nav>
        <ul
          align="start"
          class="vtmn-tabs vtmn-tabs_align--start vtmn-tabs_size--medium"
          role="tablist"
        >
          <li
            role="tab"
          >
            <button
              aria-selected="false"
              title="tab1"
            >
              tab1
            </button>
          </li>
          <li
            role="tab"
          >
            <button
              aria-selected="false"
              title="tab2"
            >
              <span
                aria-hidden="true"
                class="vtmx-user-line "
              />
              tab2
              <span
                class="vtmn-badge vtmn-badge_variant--default "
              >
                10
              </span>
            </button>
          </li>
        </ul>
        <div
          aria-orientation="horizontal"
          class="vtmn-divider vtmn-divider_orientation--horizontal"
          role="separator"
        />
      </nav>
    </div>
  </body>,
  "container": <div>
    <nav>
      <ul
        align="start"
        class="vtmn-tabs vtmn-tabs_align--start vtmn-tabs_size--medium"
        role="tablist"
      >
        <li
          role="tab"
        >
          <button
            aria-selected="false"
            title="tab1"
          >
            tab1
          </button>
        </li>
        <li
          role="tab"
        >
          <button
            aria-selected="false"
            title="tab2"
          >
            <span
              aria-hidden="true"
              class="vtmx-user-line "
            />
            tab2
            <span
              class="vtmn-badge vtmn-badge_variant--default "
            >
              10
            </span>
          </button>
        </li>
      </ul>
      <div
        aria-orientation="horizontal"
        class="vtmn-divider vtmn-divider_orientation--horizontal"
        role="separator"
      />
    </nav>
  </div>,
  "debug": [Function],
  "findAllByAltText": [Function],
  "findAllByDisplayValue": [Function],
  "findAllByLabelText": [Function],
  "findAllByPlaceholderText": [Function],
  "findAllByRole": [Function],
  "findAllByTestId": [Function],
  "findAllByText": [Function],
  "findAllByTitle": [Function],
  "findByAltText": [Function],
  "findByDisplayValue": [Function],
  "findByLabelText": [Function],
  "findByPlaceholderText": [Function],
  "findByRole": [Function],
  "findByTestId": [Function],
  "findByText": [Function],
  "findByTitle": [Function],
  "getAllByAltText": [Function],
  "getAllByDisplayValue": [Function],
  "getAllByLabelText": [Function],
  "getAllByPlaceholderText": [Function],
  "getAllByRole": [Function],
  "getAllByTestId": [Function],
  "getAllByText": [Function],
  "getAllByTitle": [Function],
  "getByAltText": [Function],
  "getByDisplayValue": [Function],
  "getByLabelText": [Function],
  "getByPlaceholderText": [Function],
  "getByRole": [Function],
  "getByTestId": [Function],
  "getByText": [Function],
  "getByTitle": [Function],
  "queryAllByAltText": [Function],
  "queryAllByDisplayValue": [Function],
  "queryAllByLabelText": [Function],
  "queryAllByPlaceholderText": [Function],
  "queryAllByRole": [Function],
  "queryAllByTestId": [Function],
  "queryAllByText": [Function],
  "queryAllByTitle": [Function],
  "queryByAltText": [Function],
  "queryByDisplayValue": [Function],
  "queryByLabelText": [Function],
  "queryByPlaceholderText": [Function],
  "queryByRole": [Function],
  "queryByTestId": [Function],
  "queryByText": [Function],
  "queryByTitle": [Function],
  "rerender": [Function],
  "unmount": [Function],
}
`;

exports[`uiTabs > snapshot testing > should render correctly and match the snapshot 1`] = `
{
  "asFragment": [Function],
  "baseElement": <body>
    <div>
      <nav>
        <ul
          align="start"
          class="vtmn-tabs vtmn-tabs_align--start vtmn-tabs_size--medium"
          role="tablist"
        >
          <li
            role="tab"
          >
            <button
              aria-selected="false"
              title="tab1"
            >
              tab1
            </button>
          </li>
          <li
            role="tab"
          >
            <button
              aria-selected="false"
              title="tab2"
            >
              <span
                aria-hidden="true"
                class="vtmx-user-line "
              />
              tab2
              <span
                class="vtmn-badge vtmn-badge_variant--default "
              >
                10
              </span>
            </button>
          </li>
        </ul>
        <div
          aria-orientation="horizontal"
          class="vtmn-divider vtmn-divider_orientation--horizontal"
          role="separator"
        />
      </nav>
    </div>
  </body>,
  "container": <div>
    <nav>
      <ul
        align="start"
        class="vtmn-tabs vtmn-tabs_align--start vtmn-tabs_size--medium"
        role="tablist"
      >
        <li
          role="tab"
        >
          <button
            aria-selected="false"
            title="tab1"
          >
            tab1
          </button>
        </li>
        <li
          role="tab"
        >
          <button
            aria-selected="false"
            title="tab2"
          >
            <span
              aria-hidden="true"
              class="vtmx-user-line "
            />
            tab2
            <span
              class="vtmn-badge vtmn-badge_variant--default "
            >
              10
            </span>
          </button>
        </li>
      </ul>
      <div
        aria-orientation="horizontal"
        class="vtmn-divider vtmn-divider_orientation--horizontal"
        role="separator"
      />
    </nav>
  </div>,
  "debug": [Function],
  "findAllByAltText": [Function],
  "findAllByDisplayValue": [Function],
  "findAllByLabelText": [Function],
  "findAllByPlaceholderText": [Function],
  "findAllByRole": [Function],
  "findAllByTestId": [Function],
  "findAllByText": [Function],
  "findAllByTitle": [Function],
  "findByAltText": [Function],
  "findByDisplayValue": [Function],
  "findByLabelText": [Function],
  "findByPlaceholderText": [Function],
  "findByRole": [Function],
  "findByTestId": [Function],
  "findByText": [Function],
  "findByTitle": [Function],
  "getAllByAltText": [Function],
  "getAllByDisplayValue": [Function],
  "getAllByLabelText": [Function],
  "getAllByPlaceholderText": [Function],
  "getAllByRole": [Function],
  "getAllByTestId": [Function],
  "getAllByText": [Function],
  "getAllByTitle": [Function],
  "getByAltText": [Function],
  "getByDisplayValue": [Function],
  "getByLabelText": [Function],
  "getByPlaceholderText": [Function],
  "getByRole": [Function],
  "getByTestId": [Function],
  "getByText": [Function],
  "getByTitle": [Function],
  "queryAllByAltText": [Function],
  "queryAllByDisplayValue": [Function],
  "queryAllByLabelText": [Function],
  "queryAllByPlaceholderText": [Function],
  "queryAllByRole": [Function],
  "queryAllByTestId": [Function],
  "queryAllByText": [Function],
  "queryAllByTitle": [Function],
  "queryByAltText": [Function],
  "queryByDisplayValue": [Function],
  "queryByLabelText": [Function],
  "queryByPlaceholderText": [Function],
  "queryByRole": [Function],
  "queryByTestId": [Function],
  "queryByText": [Function],
  "queryByTitle": [Function],
  "rerender": [Function],
  "unmount": [Function],
}
`;
