// Vitest Snapshot v1, https://vitest.dev/guide/snapshot.html

exports[`uiSidebarMenu > snapshot testing > should render correctly and match the snapshot 1`] = `
{
  "asFragment": [Function],
  "baseElement": <body>
    <div>
      <div
        class="menu flex"
        role="menubar"
      >
        <div
          class="hiddenMobile"
        >
          <button
            aria-label="sidebar_menu_button"
            class="vtmn-btn vtmn-btn_variant--ghost vtmn-btn_size--stretched toggle-button   "
            title="menu button"
          >
            <span
              class="vtmx-menu-line "
              data-testid="react--components--sidebar--menu-button"
              style="font-size: 24px;"
            />
          </button>
        </div>
        <ul
          class="menu__list flex"
        >
          <li>
            <button
              class="vtmn-btn vtmn-btn_variant--ghost vtmn-btn_size--stretched button--collapsed   "
              title="Go to dashboard"
            >
              <span
                class="vtmx-home-line "
                data-testid="react--components--sidebar--menu--button--icon"
                style="font-size: 24px;"
              />
            </button>
          </li>
          <li>
            <button
              class="vtmn-btn vtmn-btn_variant--ghost vtmn-btn_size--stretched button--collapsed   "
              title="Go to settings"
            >
              <span
                class="vtmx-settings-line "
                data-testid="react--components--sidebar--menu--button--icon"
                style="font-size: 24px;"
              />
            </button>
          </li>
        </ul>
      </div>
    </div>
  </body>,
  "container": <div>
    <div
      class="menu flex"
      role="menubar"
    >
      <div
        class="hiddenMobile"
      >
        <button
          aria-label="sidebar_menu_button"
          class="vtmn-btn vtmn-btn_variant--ghost vtmn-btn_size--stretched toggle-button   "
          title="menu button"
        >
          <span
            class="vtmx-menu-line "
            data-testid="react--components--sidebar--menu-button"
            style="font-size: 24px;"
          />
        </button>
      </div>
      <ul
        class="menu__list flex"
      >
        <li>
          <button
            class="vtmn-btn vtmn-btn_variant--ghost vtmn-btn_size--stretched button--collapsed   "
            title="Go to dashboard"
          >
            <span
              class="vtmx-home-line "
              data-testid="react--components--sidebar--menu--button--icon"
              style="font-size: 24px;"
            />
          </button>
        </li>
        <li>
          <button
            class="vtmn-btn vtmn-btn_variant--ghost vtmn-btn_size--stretched button--collapsed   "
            title="Go to settings"
          >
            <span
              class="vtmx-settings-line "
              data-testid="react--components--sidebar--menu--button--icon"
              style="font-size: 24px;"
            />
          </button>
        </li>
      </ul>
    </div>
  </div>,
  "debug": [Function],
  "findAllByAltText": [Function],
  "findAllByDisplayValue": [Function],
  "findAllByLabelText": [Function],
  "findAllByPlaceholderText": [Function],
  "findAllByRole": [Function],
  "findAllByTestId": [Function],
  "findAllByText": [Function],
  "findAllByTitle": [Function],
  "findByAltText": [Function],
  "findByDisplayValue": [Function],
  "findByLabelText": [Function],
  "findByPlaceholderText": [Function],
  "findByRole": [Function],
  "findByTestId": [Function],
  "findByText": [Function],
  "findByTitle": [Function],
  "getAllByAltText": [Function],
  "getAllByDisplayValue": [Function],
  "getAllByLabelText": [Function],
  "getAllByPlaceholderText": [Function],
  "getAllByRole": [Function],
  "getAllByTestId": [Function],
  "getAllByText": [Function],
  "getAllByTitle": [Function],
  "getByAltText": [Function],
  "getByDisplayValue": [Function],
  "getByLabelText": [Function],
  "getByPlaceholderText": [Function],
  "getByRole": [Function],
  "getByTestId": [Function],
  "getByText": [Function],
  "getByTitle": [Function],
  "queryAllByAltText": [Function],
  "queryAllByDisplayValue": [Function],
  "queryAllByLabelText": [Function],
  "queryAllByPlaceholderText": [Function],
  "queryAllByRole": [Function],
  "queryAllByTestId": [Function],
  "queryAllByText": [Function],
  "queryAllByTitle": [Function],
  "queryByAltText": [Function],
  "queryByDisplayValue": [Function],
  "queryByLabelText": [Function],
  "queryByPlaceholderText": [Function],
  "queryByRole": [Function],
  "queryByTestId": [Function],
  "queryByText": [Function],
  "queryByTitle": [Function],
  "rerender": [Function],
  "unmount": [Function],
}
`;
